// Jest Snapshot v1, https://goo.gl/fbAQLP

exports[`Component: App should match its empty snapshot 1`] = `
<div
  className="app"
>
  <h1>
    Hello World!
  </h1>
  <p>
    Foo to the barz
  </p>
</div>
`;
